running develop
running egg_info
creating publish_markers.egg-info
writing publish_markers.egg-info/PKG-INFO
writing dependency_links to publish_markers.egg-info/dependency_links.txt
writing entry points to publish_markers.egg-info/entry_points.txt
writing requirements to publish_markers.egg-info/requires.txt
writing top-level names to publish_markers.egg-info/top_level.txt
writing manifest file 'publish_markers.egg-info/SOURCES.txt'
reading manifest file 'publish_markers.egg-info/SOURCES.txt'
writing manifest file 'publish_markers.egg-info/SOURCES.txt'
running build_ext
Creating /home/madmac/CSCE452_Project3/install/publish_markers/lib/python3.12/site-packages/publish-markers.egg-link (link to .)
Installing publish_markers_node script to /home/madmac/CSCE452_Project3/install/publish_markers/lib/publish_markers

Installed /home/madmac/CSCE452_Project3/build/publish_markers
running symlink_data
creating /home/madmac/CSCE452_Project3/install/publish_markers/share/ament_index
creating /home/madmac/CSCE452_Project3/install/publish_markers/share/ament_index/resource_index
creating /home/madmac/CSCE452_Project3/install/publish_markers/share/ament_index/resource_index/packages
symbolically linking /home/madmac/CSCE452_Project3/build/publish_markers/resource/publish_markers -> /home/madmac/CSCE452_Project3/install/publish_markers/share/ament_index/resource_index/packages
symbolically linking /home/madmac/CSCE452_Project3/build/publish_markers/package.xml -> /home/madmac/CSCE452_Project3/install/publish_markers/share/publish_markers
