[0.733s] Invoking command in '/home/madmac/CSCE452_Project3/src/publish_markers': DEBUGINFOD_URLS=https://debuginfod.ubuntu.com PYTHONPATH=/home/madmac/CSCE452_Project3/build/publish_markers/prefix_override:/usr/lib/python3/dist-packages/colcon_core/task/python/colcon_distutils_commands:/home/madmac/CSCE452_Project3/install/publish_markers/lib/python3.12/site-packages:${PYTHONPATH} /usr/bin/python3 -W ignore:setup.py install is deprecated -W ignore:easy_install command is deprecated setup.py egg_info --egg-base ../../build/publish_markers build --build-base /home/madmac/CSCE452_Project3/build/publish_markers/build install --record /home/madmac/CSCE452_Project3/build/publish_markers/install.log --single-version-externally-managed install_data
[0.877s] running egg_info
[0.877s] creating ../../build/publish_markers/publish_markers.egg-info
[0.889s] writing ../../build/publish_markers/publish_markers.egg-info/PKG-INFO
[0.889s] writing dependency_links to ../../build/publish_markers/publish_markers.egg-info/dependency_links.txt
[0.890s] writing entry points to ../../build/publish_markers/publish_markers.egg-info/entry_points.txt
[0.890s] writing requirements to ../../build/publish_markers/publish_markers.egg-info/requires.txt
[0.890s] writing top-level names to ../../build/publish_markers/publish_markers.egg-info/top_level.txt
[0.891s] writing manifest file '../../build/publish_markers/publish_markers.egg-info/SOURCES.txt'
[0.912s] reading manifest file '../../build/publish_markers/publish_markers.egg-info/SOURCES.txt'
[0.913s] writing manifest file '../../build/publish_markers/publish_markers.egg-info/SOURCES.txt'
[0.913s] running build
[0.913s] running build_py
[0.914s] creating /home/madmac/CSCE452_Project3/build/publish_markers/build
[0.914s] creating /home/madmac/CSCE452_Project3/build/publish_markers/build/lib
[0.914s] creating /home/madmac/CSCE452_Project3/build/publish_markers/build/lib/publish_markers
[0.915s] copying publish_markers/__init__.py -> /home/madmac/CSCE452_Project3/build/publish_markers/build/lib/publish_markers
[0.915s] copying publish_markers/publish_markers_node.py -> /home/madmac/CSCE452_Project3/build/publish_markers/build/lib/publish_markers
[0.915s] running install
[0.921s] running install_lib
[0.931s] creating /home/madmac/CSCE452_Project3/install/publish_markers/lib/python3.12/site-packages/publish_markers
[0.931s] copying /home/madmac/CSCE452_Project3/build/publish_markers/build/lib/publish_markers/__init__.py -> /home/madmac/CSCE452_Project3/install/publish_markers/lib/python3.12/site-packages/publish_markers
[0.931s] copying /home/madmac/CSCE452_Project3/build/publish_markers/build/lib/publish_markers/publish_markers_node.py -> /home/madmac/CSCE452_Project3/install/publish_markers/lib/python3.12/site-packages/publish_markers
[0.931s] byte-compiling /home/madmac/CSCE452_Project3/install/publish_markers/lib/python3.12/site-packages/publish_markers/__init__.py to __init__.cpython-312.pyc
[0.931s] byte-compiling /home/madmac/CSCE452_Project3/install/publish_markers/lib/python3.12/site-packages/publish_markers/publish_markers_node.py to publish_markers_node.cpython-312.pyc
[0.931s] running install_data
[0.932s] creating /home/madmac/CSCE452_Project3/install/publish_markers/share/ament_index
[0.932s] creating /home/madmac/CSCE452_Project3/install/publish_markers/share/ament_index/resource_index
[0.932s] creating /home/madmac/CSCE452_Project3/install/publish_markers/share/ament_index/resource_index/packages
[0.932s] copying resource/publish_markers -> /home/madmac/CSCE452_Project3/install/publish_markers/share/ament_index/resource_index/packages
[0.932s] copying package.xml -> /home/madmac/CSCE452_Project3/install/publish_markers/share/publish_markers
[0.932s] running install_egg_info
[0.942s] Copying ../../build/publish_markers/publish_markers.egg-info to /home/madmac/CSCE452_Project3/install/publish_markers/lib/python3.12/site-packages/publish_markers-0.0.0-py3.12.egg-info
[0.944s] running install_scripts
[1.012s] Installing publish_markers_node script to /home/madmac/CSCE452_Project3/install/publish_markers/lib/publish_markers
[1.012s] writing list of installed files to '/home/madmac/CSCE452_Project3/build/publish_markers/install.log'
[1.035s] Invoked command in '/home/madmac/CSCE452_Project3/src/publish_markers' returned '0': DEBUGINFOD_URLS=https://debuginfod.ubuntu.com PYTHONPATH=/home/madmac/CSCE452_Project3/build/publish_markers/prefix_override:/usr/lib/python3/dist-packages/colcon_core/task/python/colcon_distutils_commands:/home/madmac/CSCE452_Project3/install/publish_markers/lib/python3.12/site-packages:${PYTHONPATH} /usr/bin/python3 -W ignore:setup.py install is deprecated -W ignore:easy_install command is deprecated setup.py egg_info --egg-base ../../build/publish_markers build --build-base /home/madmac/CSCE452_Project3/build/publish_markers/build install --record /home/madmac/CSCE452_Project3/build/publish_markers/install.log --single-version-externally-managed install_data
