[0.673s] Invoking command in '/home/madmac/CSCE452_Project3/build/publish_markers': DEBUGINFOD_URLS=https://debuginfod.ubuntu.com PYTHONPATH=/home/madmac/CSCE452_Project3/build/publish_markers/prefix_override:/usr/lib/python3/dist-packages/colcon_core/task/python/colcon_distutils_commands:/home/madmac/CSCE452_Project3/install/publish_markers/lib/python3.12/site-packages:${PYTHONPATH} /usr/bin/python3 -W ignore:setup.py install is deprecated -W ignore:easy_install command is deprecated setup.py develop --uninstall --editable --build-directory /home/madmac/CSCE452_Project3/build/publish_markers/build
[0.835s] running develop
[0.929s] Removing /home/madmac/CSCE452_Project3/install/publish_markers/lib/python3.12/site-packages/publish-markers.egg-link (link to .)
[0.955s] Invoked command in '/home/madmac/CSCE452_Project3/build/publish_markers' returned '0': DEBUGINFOD_URLS=https://debuginfod.ubuntu.com PYTHONPATH=/home/madmac/CSCE452_Project3/build/publish_markers/prefix_override:/usr/lib/python3/dist-packages/colcon_core/task/python/colcon_distutils_commands:/home/madmac/CSCE452_Project3/install/publish_markers/lib/python3.12/site-packages:${PYTHONPATH} /usr/bin/python3 -W ignore:setup.py install is deprecated -W ignore:easy_install command is deprecated setup.py develop --uninstall --editable --build-directory /home/madmac/CSCE452_Project3/build/publish_markers/build
[0.956s] Invoking command in '/home/madmac/CSCE452_Project3/src/publish_markers': DEBUGINFOD_URLS=https://debuginfod.ubuntu.com PYTHONPATH=/home/madmac/CSCE452_Project3/build/publish_markers/prefix_override:/usr/lib/python3/dist-packages/colcon_core/task/python/colcon_distutils_commands:/home/madmac/CSCE452_Project3/install/publish_markers/lib/python3.12/site-packages:${PYTHONPATH} /usr/bin/python3 -W ignore:setup.py install is deprecated -W ignore:easy_install command is deprecated setup.py egg_info --egg-base ../../build/publish_markers build --build-base /home/madmac/CSCE452_Project3/build/publish_markers/build install --record /home/madmac/CSCE452_Project3/build/publish_markers/install.log --single-version-externally-managed install_data --force
[1.123s] running egg_info
[1.131s] writing ../../build/publish_markers/publish_markers.egg-info/PKG-INFO
[1.131s] writing dependency_links to ../../build/publish_markers/publish_markers.egg-info/dependency_links.txt
[1.131s] writing entry points to ../../build/publish_markers/publish_markers.egg-info/entry_points.txt
[1.132s] writing requirements to ../../build/publish_markers/publish_markers.egg-info/requires.txt
[1.134s] writing top-level names to ../../build/publish_markers/publish_markers.egg-info/top_level.txt
[1.156s] reading manifest file '../../build/publish_markers/publish_markers.egg-info/SOURCES.txt'
[1.156s] writing manifest file '../../build/publish_markers/publish_markers.egg-info/SOURCES.txt'
[1.156s] running build
[1.157s] running build_py
[1.157s] creating /home/madmac/CSCE452_Project3/build/publish_markers/build
[1.157s] creating /home/madmac/CSCE452_Project3/build/publish_markers/build/lib
[1.157s] creating /home/madmac/CSCE452_Project3/build/publish_markers/build/lib/publish_markers
[1.157s] copying publish_markers/__init__.py -> /home/madmac/CSCE452_Project3/build/publish_markers/build/lib/publish_markers
[1.157s] copying publish_markers/publish_markers_node.py -> /home/madmac/CSCE452_Project3/build/publish_markers/build/lib/publish_markers
[1.157s] running install
[1.161s] running install_lib
[1.169s] creating /home/madmac/CSCE452_Project3/install/publish_markers/lib/python3.12/site-packages/publish_markers
[1.170s] copying /home/madmac/CSCE452_Project3/build/publish_markers/build/lib/publish_markers/__init__.py -> /home/madmac/CSCE452_Project3/install/publish_markers/lib/python3.12/site-packages/publish_markers
[1.170s] copying /home/madmac/CSCE452_Project3/build/publish_markers/build/lib/publish_markers/publish_markers_node.py -> /home/madmac/CSCE452_Project3/install/publish_markers/lib/python3.12/site-packages/publish_markers
[1.170s] byte-compiling /home/madmac/CSCE452_Project3/install/publish_markers/lib/python3.12/site-packages/publish_markers/__init__.py to __init__.cpython-312.pyc
[1.170s] byte-compiling /home/madmac/CSCE452_Project3/install/publish_markers/lib/python3.12/site-packages/publish_markers/publish_markers_node.py to publish_markers_node.cpython-312.pyc
[1.170s] running install_data
[1.170s] copying resource/publish_markers -> /home/madmac/CSCE452_Project3/install/publish_markers/share/ament_index/resource_index/packages
[1.170s] copying package.xml -> /home/madmac/CSCE452_Project3/install/publish_markers/share/publish_markers
[1.170s] running install_egg_info
[1.191s] Copying ../../build/publish_markers/publish_markers.egg-info to /home/madmac/CSCE452_Project3/install/publish_markers/lib/python3.12/site-packages/publish_markers-0.0.0-py3.12.egg-info
[1.191s] running install_scripts
[1.262s] Installing publish_markers_node script to /home/madmac/CSCE452_Project3/install/publish_markers/lib/publish_markers
[1.262s] writing list of installed files to '/home/madmac/CSCE452_Project3/build/publish_markers/install.log'
[1.281s] Invoked command in '/home/madmac/CSCE452_Project3/src/publish_markers' returned '0': DEBUGINFOD_URLS=https://debuginfod.ubuntu.com PYTHONPATH=/home/madmac/CSCE452_Project3/build/publish_markers/prefix_override:/usr/lib/python3/dist-packages/colcon_core/task/python/colcon_distutils_commands:/home/madmac/CSCE452_Project3/install/publish_markers/lib/python3.12/site-packages:${PYTHONPATH} /usr/bin/python3 -W ignore:setup.py install is deprecated -W ignore:easy_install command is deprecated setup.py egg_info --egg-base ../../build/publish_markers build --build-base /home/madmac/CSCE452_Project3/build/publish_markers/build install --record /home/madmac/CSCE452_Project3/build/publish_markers/install.log --single-version-externally-managed install_data --force
