[0.680s] Invoking command in '/home/madmac/CSCE452_Project3/build/project3_launch': DEBUGINFOD_URLS=https://debuginfod.ubuntu.com PYTHONPATH=/home/madmac/CSCE452_Project3/build/project3_launch/prefix_override:/usr/lib/python3/dist-packages/colcon_core/task/python/colcon_distutils_commands:/home/madmac/CSCE452_Project3/install/project3_launch/lib/python3.12/site-packages:${PYTHONPATH} /usr/bin/python3 -W ignore:setup.py install is deprecated -W ignore:easy_install command is deprecated setup.py develop --uninstall --editable --build-directory /home/madmac/CSCE452_Project3/build/project3_launch/build
[0.847s] running develop
[0.939s] Removing /home/madmac/CSCE452_Project3/install/project3_launch/lib/python3.12/site-packages/project3-launch.egg-link (link to .)
[0.965s] Invoked command in '/home/madmac/CSCE452_Project3/build/project3_launch' returned '0': DEBUGINFOD_URLS=https://debuginfod.ubuntu.com PYTHONPATH=/home/madmac/CSCE452_Project3/build/project3_launch/prefix_override:/usr/lib/python3/dist-packages/colcon_core/task/python/colcon_distutils_commands:/home/madmac/CSCE452_Project3/install/project3_launch/lib/python3.12/site-packages:${PYTHONPATH} /usr/bin/python3 -W ignore:setup.py install is deprecated -W ignore:easy_install command is deprecated setup.py develop --uninstall --editable --build-directory /home/madmac/CSCE452_Project3/build/project3_launch/build
[0.966s] Invoking command in '/home/madmac/CSCE452_Project3/src/project3_launch': DEBUGINFOD_URLS=https://debuginfod.ubuntu.com PYTHONPATH=/home/madmac/CSCE452_Project3/build/project3_launch/prefix_override:/usr/lib/python3/dist-packages/colcon_core/task/python/colcon_distutils_commands:/home/madmac/CSCE452_Project3/install/project3_launch/lib/python3.12/site-packages:${PYTHONPATH} /usr/bin/python3 -W ignore:setup.py install is deprecated -W ignore:easy_install command is deprecated setup.py egg_info --egg-base ../../build/project3_launch build --build-base /home/madmac/CSCE452_Project3/build/project3_launch/build install --record /home/madmac/CSCE452_Project3/build/project3_launch/install.log --single-version-externally-managed install_data --force
[1.098s] running egg_info
[1.107s] writing ../../build/project3_launch/project3_launch.egg-info/PKG-INFO
[1.107s] writing dependency_links to ../../build/project3_launch/project3_launch.egg-info/dependency_links.txt
[1.107s] writing requirements to ../../build/project3_launch/project3_launch.egg-info/requires.txt
[1.107s] writing top-level names to ../../build/project3_launch/project3_launch.egg-info/top_level.txt
[1.115s] reading manifest file '../../build/project3_launch/project3_launch.egg-info/SOURCES.txt'
[1.117s] writing manifest file '../../build/project3_launch/project3_launch.egg-info/SOURCES.txt'
[1.117s] running build
[1.117s] running install
[1.121s] running install_data
[1.122s] copying resource/project3_launch -> /home/madmac/CSCE452_Project3/install/project3_launch/share/ament_index/resource_index/packages
[1.122s] copying package.xml -> /home/madmac/CSCE452_Project3/install/project3_launch/share/project3_launch
[1.122s] copying launch/project3.launch.py -> /home/madmac/CSCE452_Project3/install/project3_launch/share/project3_launch/launch
[1.122s] running install_egg_info
[1.142s] Copying ../../build/project3_launch/project3_launch.egg-info to /home/madmac/CSCE452_Project3/install/project3_launch/lib/python3.12/site-packages/project3_launch-0.0.0-py3.12.egg-info
[1.146s] running install_scripts
[1.215s] writing list of installed files to '/home/madmac/CSCE452_Project3/build/project3_launch/install.log'
[1.232s] Invoked command in '/home/madmac/CSCE452_Project3/src/project3_launch' returned '0': DEBUGINFOD_URLS=https://debuginfod.ubuntu.com PYTHONPATH=/home/madmac/CSCE452_Project3/build/project3_launch/prefix_override:/usr/lib/python3/dist-packages/colcon_core/task/python/colcon_distutils_commands:/home/madmac/CSCE452_Project3/install/project3_launch/lib/python3.12/site-packages:${PYTHONPATH} /usr/bin/python3 -W ignore:setup.py install is deprecated -W ignore:easy_install command is deprecated setup.py egg_info --egg-base ../../build/project3_launch build --build-base /home/madmac/CSCE452_Project3/build/project3_launch/build install --record /home/madmac/CSCE452_Project3/build/project3_launch/install.log --single-version-externally-managed install_data --force
