[0.598s] Invoking command in '/home/madmac/CSCE452_Project3/src/read_scan': DEBUGINFOD_URLS=https://debuginfod.ubuntu.com PYTHONPATH=/home/madmac/CSCE452_Project3/build/read_scan/prefix_override:/usr/lib/python3/dist-packages/colcon_core/task/python/colcon_distutils_commands:/home/madmac/CSCE452_Project3/install/read_scan/lib/python3.12/site-packages:${PYTHONPATH} /usr/bin/python3 -W ignore:setup.py install is deprecated -W ignore:easy_install command is deprecated setup.py egg_info --egg-base ../../build/read_scan build --build-base /home/madmac/CSCE452_Project3/build/read_scan/build install --record /home/madmac/CSCE452_Project3/build/read_scan/install.log --single-version-externally-managed install_data
[0.717s] running egg_info
[0.717s] creating ../../build/read_scan/read_scan.egg-info
[0.725s] writing ../../build/read_scan/read_scan.egg-info/PKG-INFO
[0.725s] writing dependency_links to ../../build/read_scan/read_scan.egg-info/dependency_links.txt
[0.726s] writing entry points to ../../build/read_scan/read_scan.egg-info/entry_points.txt
[0.726s] writing requirements to ../../build/read_scan/read_scan.egg-info/requires.txt
[0.726s] writing top-level names to ../../build/read_scan/read_scan.egg-info/top_level.txt
[0.726s] writing manifest file '../../build/read_scan/read_scan.egg-info/SOURCES.txt'
[0.742s] reading manifest file '../../build/read_scan/read_scan.egg-info/SOURCES.txt'
[0.742s] writing manifest file '../../build/read_scan/read_scan.egg-info/SOURCES.txt'
[0.743s] running build
[0.743s] running build_py
[0.743s] creating /home/madmac/CSCE452_Project3/build/read_scan/build
[0.743s] creating /home/madmac/CSCE452_Project3/build/read_scan/build/lib
[0.743s] creating /home/madmac/CSCE452_Project3/build/read_scan/build/lib/read_scan
[0.743s] copying read_scan/__init__.py -> /home/madmac/CSCE452_Project3/build/read_scan/build/lib/read_scan
[0.743s] copying read_scan/read_scan_node.py -> /home/madmac/CSCE452_Project3/build/read_scan/build/lib/read_scan
[0.743s] running install
[0.746s] running install_lib
[0.754s] creating /home/madmac/CSCE452_Project3/install/read_scan/lib/python3.12/site-packages/read_scan
[0.754s] copying /home/madmac/CSCE452_Project3/build/read_scan/build/lib/read_scan/__init__.py -> /home/madmac/CSCE452_Project3/install/read_scan/lib/python3.12/site-packages/read_scan
[0.755s] copying /home/madmac/CSCE452_Project3/build/read_scan/build/lib/read_scan/read_scan_node.py -> /home/madmac/CSCE452_Project3/install/read_scan/lib/python3.12/site-packages/read_scan
[0.755s] byte-compiling /home/madmac/CSCE452_Project3/install/read_scan/lib/python3.12/site-packages/read_scan/__init__.py to __init__.cpython-312.pyc
[0.755s] byte-compiling /home/madmac/CSCE452_Project3/install/read_scan/lib/python3.12/site-packages/read_scan/read_scan_node.py to read_scan_node.cpython-312.pyc
[0.755s] running install_data
[0.755s] creating /home/madmac/CSCE452_Project3/install/read_scan/share/ament_index
[0.755s] creating /home/madmac/CSCE452_Project3/install/read_scan/share/ament_index/resource_index
[0.755s] creating /home/madmac/CSCE452_Project3/install/read_scan/share/ament_index/resource_index/packages
[0.755s] copying resource/read_scan -> /home/madmac/CSCE452_Project3/install/read_scan/share/ament_index/resource_index/packages
[0.755s] copying package.xml -> /home/madmac/CSCE452_Project3/install/read_scan/share/read_scan
[0.755s] running install_egg_info
[0.765s] Copying ../../build/read_scan/read_scan.egg-info to /home/madmac/CSCE452_Project3/install/read_scan/lib/python3.12/site-packages/read_scan-0.0.0-py3.12.egg-info
[0.767s] running install_scripts
[0.826s] Installing read_scan_node script to /home/madmac/CSCE452_Project3/install/read_scan/bin
[0.826s] writing list of installed files to '/home/madmac/CSCE452_Project3/build/read_scan/install.log'
[0.852s] Invoked command in '/home/madmac/CSCE452_Project3/src/read_scan' returned '0': DEBUGINFOD_URLS=https://debuginfod.ubuntu.com PYTHONPATH=/home/madmac/CSCE452_Project3/build/read_scan/prefix_override:/usr/lib/python3/dist-packages/colcon_core/task/python/colcon_distutils_commands:/home/madmac/CSCE452_Project3/install/read_scan/lib/python3.12/site-packages:${PYTHONPATH} /usr/bin/python3 -W ignore:setup.py install is deprecated -W ignore:easy_install command is deprecated setup.py egg_info --egg-base ../../build/read_scan build --build-base /home/madmac/CSCE452_Project3/build/read_scan/build install --record /home/madmac/CSCE452_Project3/build/read_scan/install.log --single-version-externally-managed install_data
