[0.675s] Invoking command in '/home/madmac/CSCE452_Project3/build/read_scan': DEBUGINFOD_URLS=https://debuginfod.ubuntu.com PYTHONPATH=/home/madmac/CSCE452_Project3/build/read_scan/prefix_override:/usr/lib/python3/dist-packages/colcon_core/task/python/colcon_distutils_commands:/home/madmac/CSCE452_Project3/install/read_scan/lib/python3.12/site-packages:${PYTHONPATH} /usr/bin/python3 -W ignore:setup.py install is deprecated -W ignore:easy_install command is deprecated setup.py develop --uninstall --editable --build-directory /home/madmac/CSCE452_Project3/build/read_scan/build
[0.839s] running develop
[0.933s] Removing /home/madmac/CSCE452_Project3/install/read_scan/lib/python3.12/site-packages/read-scan.egg-link (link to .)
[0.964s] Invoked command in '/home/madmac/CSCE452_Project3/build/read_scan' returned '0': DEBUGINFOD_URLS=https://debuginfod.ubuntu.com PYTHONPATH=/home/madmac/CSCE452_Project3/build/read_scan/prefix_override:/usr/lib/python3/dist-packages/colcon_core/task/python/colcon_distutils_commands:/home/madmac/CSCE452_Project3/install/read_scan/lib/python3.12/site-packages:${PYTHONPATH} /usr/bin/python3 -W ignore:setup.py install is deprecated -W ignore:easy_install command is deprecated setup.py develop --uninstall --editable --build-directory /home/madmac/CSCE452_Project3/build/read_scan/build
[0.965s] Invoking command in '/home/madmac/CSCE452_Project3/src/read_scan': DEBUGINFOD_URLS=https://debuginfod.ubuntu.com PYTHONPATH=/home/madmac/CSCE452_Project3/build/read_scan/prefix_override:/usr/lib/python3/dist-packages/colcon_core/task/python/colcon_distutils_commands:/home/madmac/CSCE452_Project3/install/read_scan/lib/python3.12/site-packages:${PYTHONPATH} /usr/bin/python3 -W ignore:setup.py install is deprecated -W ignore:easy_install command is deprecated setup.py egg_info --egg-base ../../build/read_scan build --build-base /home/madmac/CSCE452_Project3/build/read_scan/build install --record /home/madmac/CSCE452_Project3/build/read_scan/install.log --single-version-externally-managed install_data --force
[1.097s] running egg_info
[1.103s] writing ../../build/read_scan/read_scan.egg-info/PKG-INFO
[1.104s] writing dependency_links to ../../build/read_scan/read_scan.egg-info/dependency_links.txt
[1.105s] writing entry points to ../../build/read_scan/read_scan.egg-info/entry_points.txt
[1.105s] writing requirements to ../../build/read_scan/read_scan.egg-info/requires.txt
[1.105s] writing top-level names to ../../build/read_scan/read_scan.egg-info/top_level.txt
[1.125s] reading manifest file '../../build/read_scan/read_scan.egg-info/SOURCES.txt'
[1.126s] writing manifest file '../../build/read_scan/read_scan.egg-info/SOURCES.txt'
[1.126s] running build
[1.129s] running build_py
[1.129s] creating /home/madmac/CSCE452_Project3/build/read_scan/build
[1.129s] creating /home/madmac/CSCE452_Project3/build/read_scan/build/lib
[1.129s] creating /home/madmac/CSCE452_Project3/build/read_scan/build/lib/read_scan
[1.129s] copying read_scan/__init__.py -> /home/madmac/CSCE452_Project3/build/read_scan/build/lib/read_scan
[1.129s] copying read_scan/read_scan_node.py -> /home/madmac/CSCE452_Project3/build/read_scan/build/lib/read_scan
[1.129s] running install
[1.133s] running install_lib
[1.143s] creating /home/madmac/CSCE452_Project3/install/read_scan/lib/python3.12/site-packages/read_scan
[1.143s] copying /home/madmac/CSCE452_Project3/build/read_scan/build/lib/read_scan/__init__.py -> /home/madmac/CSCE452_Project3/install/read_scan/lib/python3.12/site-packages/read_scan
[1.143s] copying /home/madmac/CSCE452_Project3/build/read_scan/build/lib/read_scan/read_scan_node.py -> /home/madmac/CSCE452_Project3/install/read_scan/lib/python3.12/site-packages/read_scan
[1.144s] byte-compiling /home/madmac/CSCE452_Project3/install/read_scan/lib/python3.12/site-packages/read_scan/__init__.py to __init__.cpython-312.pyc
[1.144s] byte-compiling /home/madmac/CSCE452_Project3/install/read_scan/lib/python3.12/site-packages/read_scan/read_scan_node.py to read_scan_node.cpython-312.pyc
[1.145s] running install_data
[1.145s] copying resource/read_scan -> /home/madmac/CSCE452_Project3/install/read_scan/share/ament_index/resource_index/packages
[1.145s] copying package.xml -> /home/madmac/CSCE452_Project3/install/read_scan/share/read_scan
[1.146s] running install_egg_info
[1.157s] Copying ../../build/read_scan/read_scan.egg-info to /home/madmac/CSCE452_Project3/install/read_scan/lib/python3.12/site-packages/read_scan-0.0.0-py3.12.egg-info
[1.159s] running install_scripts
[1.229s] Installing read_scan_node script to /home/madmac/CSCE452_Project3/install/read_scan/lib/read_scan
[1.229s] writing list of installed files to '/home/madmac/CSCE452_Project3/build/read_scan/install.log'
[1.249s] Invoked command in '/home/madmac/CSCE452_Project3/src/read_scan' returned '0': DEBUGINFOD_URLS=https://debuginfod.ubuntu.com PYTHONPATH=/home/madmac/CSCE452_Project3/build/read_scan/prefix_override:/usr/lib/python3/dist-packages/colcon_core/task/python/colcon_distutils_commands:/home/madmac/CSCE452_Project3/install/read_scan/lib/python3.12/site-packages:${PYTHONPATH} /usr/bin/python3 -W ignore:setup.py install is deprecated -W ignore:easy_install command is deprecated setup.py egg_info --egg-base ../../build/read_scan build --build-base /home/madmac/CSCE452_Project3/build/read_scan/build install --record /home/madmac/CSCE452_Project3/build/read_scan/install.log --single-version-externally-managed install_data --force
