running develop
running egg_info
creating read_scan.egg-info
writing read_scan.egg-info/PKG-INFO
writing dependency_links to read_scan.egg-info/dependency_links.txt
writing entry points to read_scan.egg-info/entry_points.txt
writing requirements to read_scan.egg-info/requires.txt
writing top-level names to read_scan.egg-info/top_level.txt
writing manifest file 'read_scan.egg-info/SOURCES.txt'
reading manifest file 'read_scan.egg-info/SOURCES.txt'
writing manifest file 'read_scan.egg-info/SOURCES.txt'
running build_ext
Creating /home/madmac/CSCE452_Project3/install/read_scan/lib/python3.12/site-packages/read-scan.egg-link (link to .)
Installing read_scan_node script to /home/madmac/CSCE452_Project3/install/read_scan/lib/read_scan

Installed /home/madmac/CSCE452_Project3/build/read_scan
running symlink_data
creating /home/madmac/CSCE452_Project3/install/read_scan/share/ament_index
creating /home/madmac/CSCE452_Project3/install/read_scan/share/ament_index/resource_index
creating /home/madmac/CSCE452_Project3/install/read_scan/share/ament_index/resource_index/packages
symbolically linking /home/madmac/CSCE452_Project3/build/read_scan/resource/read_scan -> /home/madmac/CSCE452_Project3/install/read_scan/share/ament_index/resource_index/packages
symbolically linking /home/madmac/CSCE452_Project3/build/read_scan/package.xml -> /home/madmac/CSCE452_Project3/install/read_scan/share/read_scan
