[0.477s] Invoking command in '/home/madmac/CSCE452_Project3/build/read_scan': DEBUGINFOD_URLS=https://debuginfod.ubuntu.com PYTHONPATH=/home/madmac/CSCE452_Project3/build/read_scan/prefix_override:/usr/lib/python3/dist-packages/colcon_core/task/python/colcon_distutils_commands:/home/madmac/CSCE452_Project3/install/read_scan/lib/python3.12/site-packages:${PYTHONPATH} /usr/bin/python3 -W ignore:setup.py install is deprecated -W ignore:easy_install command is deprecated setup.py develop --editable --build-directory /home/madmac/CSCE452_Project3/build/read_scan/build --no-deps symlink_data
[0.615s] running develop
[0.692s] running egg_info
[0.692s] creating read_scan.egg-info
[0.700s] writing read_scan.egg-info/PKG-INFO
[0.700s] writing dependency_links to read_scan.egg-info/dependency_links.txt
[0.700s] writing entry points to read_scan.egg-info/entry_points.txt
[0.700s] writing requirements to read_scan.egg-info/requires.txt
[0.700s] writing top-level names to read_scan.egg-info/top_level.txt
[0.700s] writing manifest file 'read_scan.egg-info/SOURCES.txt'
[0.715s] reading manifest file 'read_scan.egg-info/SOURCES.txt'
[0.715s] writing manifest file 'read_scan.egg-info/SOURCES.txt'
[0.723s] running build_ext
[0.724s] Creating /home/madmac/CSCE452_Project3/install/read_scan/lib/python3.12/site-packages/read-scan.egg-link (link to .)
[0.724s] Installing read_scan_node script to /home/madmac/CSCE452_Project3/install/read_scan/lib/read_scan
[0.724s] 
[0.724s] Installed /home/madmac/CSCE452_Project3/build/read_scan
[0.724s] running symlink_data
[0.724s] creating /home/madmac/CSCE452_Project3/install/read_scan/share/ament_index
[0.724s] creating /home/madmac/CSCE452_Project3/install/read_scan/share/ament_index/resource_index
[0.724s] creating /home/madmac/CSCE452_Project3/install/read_scan/share/ament_index/resource_index/packages
[0.724s] symbolically linking /home/madmac/CSCE452_Project3/build/read_scan/resource/read_scan -> /home/madmac/CSCE452_Project3/install/read_scan/share/ament_index/resource_index/packages
[0.724s] symbolically linking /home/madmac/CSCE452_Project3/build/read_scan/package.xml -> /home/madmac/CSCE452_Project3/install/read_scan/share/read_scan
[0.742s] Invoked command in '/home/madmac/CSCE452_Project3/build/read_scan' returned '0': DEBUGINFOD_URLS=https://debuginfod.ubuntu.com PYTHONPATH=/home/madmac/CSCE452_Project3/build/read_scan/prefix_override:/usr/lib/python3/dist-packages/colcon_core/task/python/colcon_distutils_commands:/home/madmac/CSCE452_Project3/install/read_scan/lib/python3.12/site-packages:${PYTHONPATH} /usr/bin/python3 -W ignore:setup.py install is deprecated -W ignore:easy_install command is deprecated setup.py develop --editable --build-directory /home/madmac/CSCE452_Project3/build/read_scan/build --no-deps symlink_data
