[0.707s] Invoking command in '/home/madmac/CSCE452_Project3/src/read_scan': DEBUGINFOD_URLS=https://debuginfod.ubuntu.com PYTHONPATH=/home/madmac/CSCE452_Project3/build/read_scan/prefix_override:/usr/lib/python3/dist-packages/colcon_core/task/python/colcon_distutils_commands:/home/madmac/CSCE452_Project3/install/read_scan/lib/python3.12/site-packages:${PYTHONPATH} /usr/bin/python3 -W ignore:setup.py install is deprecated -W ignore:easy_install command is deprecated setup.py egg_info --egg-base ../../build/read_scan build --build-base /home/madmac/CSCE452_Project3/build/read_scan/build install --record /home/madmac/CSCE452_Project3/build/read_scan/install.log --single-version-externally-managed install_data
[0.848s] running egg_info
[0.858s] writing ../../build/read_scan/read_scan.egg-info/PKG-INFO
[0.858s] writing dependency_links to ../../build/read_scan/read_scan.egg-info/dependency_links.txt
[0.859s] writing entry points to ../../build/read_scan/read_scan.egg-info/entry_points.txt
[0.859s] writing requirements to ../../build/read_scan/read_scan.egg-info/requires.txt
[0.859s] writing top-level names to ../../build/read_scan/read_scan.egg-info/top_level.txt
[0.876s] reading manifest file '../../build/read_scan/read_scan.egg-info/SOURCES.txt'
[0.877s] writing manifest file '../../build/read_scan/read_scan.egg-info/SOURCES.txt'
[0.877s] running build
[0.877s] running build_py
[0.878s] copying read_scan/read_scan_node.py -> /home/madmac/CSCE452_Project3/build/read_scan/build/lib/read_scan
[0.878s] running install
[0.883s] running install_lib
[0.890s] copying /home/madmac/CSCE452_Project3/build/read_scan/build/lib/read_scan/read_scan_node.py -> /home/madmac/CSCE452_Project3/install/read_scan/lib/python3.12/site-packages/read_scan
[0.890s] byte-compiling /home/madmac/CSCE452_Project3/install/read_scan/lib/python3.12/site-packages/read_scan/read_scan_node.py to read_scan_node.cpython-312.pyc
[0.892s] running install_data
[0.895s] running install_egg_info
[0.903s] removing '/home/madmac/CSCE452_Project3/install/read_scan/lib/python3.12/site-packages/read_scan-0.0.0-py3.12.egg-info' (and everything under it)
[0.906s] Copying ../../build/read_scan/read_scan.egg-info to /home/madmac/CSCE452_Project3/install/read_scan/lib/python3.12/site-packages/read_scan-0.0.0-py3.12.egg-info
[0.909s] running install_scripts
[0.975s] Installing read_scan_node script to /home/madmac/CSCE452_Project3/install/read_scan/lib/read_scan
[0.975s] writing list of installed files to '/home/madmac/CSCE452_Project3/build/read_scan/install.log'
[0.996s] Invoked command in '/home/madmac/CSCE452_Project3/src/read_scan' returned '0': DEBUGINFOD_URLS=https://debuginfod.ubuntu.com PYTHONPATH=/home/madmac/CSCE452_Project3/build/read_scan/prefix_override:/usr/lib/python3/dist-packages/colcon_core/task/python/colcon_distutils_commands:/home/madmac/CSCE452_Project3/install/read_scan/lib/python3.12/site-packages:${PYTHONPATH} /usr/bin/python3 -W ignore:setup.py install is deprecated -W ignore:easy_install command is deprecated setup.py egg_info --egg-base ../../build/read_scan build --build-base /home/madmac/CSCE452_Project3/build/read_scan/build install --record /home/madmac/CSCE452_Project3/build/read_scan/install.log --single-version-externally-managed install_data
