running egg_info
creating ../../build/publish_markers/publish_markers.egg-info
writing ../../build/publish_markers/publish_markers.egg-info/PKG-INFO
writing dependency_links to ../../build/publish_markers/publish_markers.egg-info/dependency_links.txt
writing entry points to ../../build/publish_markers/publish_markers.egg-info/entry_points.txt
writing requirements to ../../build/publish_markers/publish_markers.egg-info/requires.txt
writing top-level names to ../../build/publish_markers/publish_markers.egg-info/top_level.txt
writing manifest file '../../build/publish_markers/publish_markers.egg-info/SOURCES.txt'
reading manifest file '../../build/publish_markers/publish_markers.egg-info/SOURCES.txt'
writing manifest file '../../build/publish_markers/publish_markers.egg-info/SOURCES.txt'
running build
running build_py
creating /home/madmac/CSCE452_Project3/build/publish_markers/build
creating /home/madmac/CSCE452_Project3/build/publish_markers/build/lib
creating /home/madmac/CSCE452_Project3/build/publish_markers/build/lib/publish_markers
copying publish_markers/__init__.py -> /home/madmac/CSCE452_Project3/build/publish_markers/build/lib/publish_markers
copying publish_markers/publish_markers_node.py -> /home/madmac/CSCE452_Project3/build/publish_markers/build/lib/publish_markers
running install
running install_lib
creating /home/madmac/CSCE452_Project3/install/publish_markers/lib/python3.12/site-packages/publish_markers
copying /home/madmac/CSCE452_Project3/build/publish_markers/build/lib/publish_markers/__init__.py -> /home/madmac/CSCE452_Project3/install/publish_markers/lib/python3.12/site-packages/publish_markers
copying /home/madmac/CSCE452_Project3/build/publish_markers/build/lib/publish_markers/publish_markers_node.py -> /home/madmac/CSCE452_Project3/install/publish_markers/lib/python3.12/site-packages/publish_markers
byte-compiling /home/madmac/CSCE452_Project3/install/publish_markers/lib/python3.12/site-packages/publish_markers/__init__.py to __init__.cpython-312.pyc
byte-compiling /home/madmac/CSCE452_Project3/install/publish_markers/lib/python3.12/site-packages/publish_markers/publish_markers_node.py to publish_markers_node.cpython-312.pyc
running install_data
creating /home/madmac/CSCE452_Project3/install/publish_markers/share/ament_index
creating /home/madmac/CSCE452_Project3/install/publish_markers/share/ament_index/resource_index
creating /home/madmac/CSCE452_Project3/install/publish_markers/share/ament_index/resource_index/packages
copying resource/publish_markers -> /home/madmac/CSCE452_Project3/install/publish_markers/share/ament_index/resource_index/packages
copying package.xml -> /home/madmac/CSCE452_Project3/install/publish_markers/share/publish_markers
running install_egg_info
Copying ../../build/publish_markers/publish_markers.egg-info to /home/madmac/CSCE452_Project3/install/publish_markers/lib/python3.12/site-packages/publish_markers-0.0.0-py3.12.egg-info
running install_scripts
Installing publish_markers_node script to /home/madmac/CSCE452_Project3/install/publish_markers/bin
writing list of installed files to '/home/madmac/CSCE452_Project3/build/publish_markers/install.log'
