running develop
running egg_info
creating project3_launch.egg-info
writing project3_launch.egg-info/PKG-INFO
writing dependency_links to project3_launch.egg-info/dependency_links.txt
writing requirements to project3_launch.egg-info/requires.txt
writing top-level names to project3_launch.egg-info/top_level.txt
writing manifest file 'project3_launch.egg-info/SOURCES.txt'
reading manifest file 'project3_launch.egg-info/SOURCES.txt'
writing manifest file 'project3_launch.egg-info/SOURCES.txt'
running build_ext
Creating /home/madmac/CSCE452_Project3/install/project3_launch/lib/python3.12/site-packages/project3-launch.egg-link (link to .)

Installed /home/madmac/CSCE452_Project3/build/project3_launch
running symlink_data
creating /home/madmac/CSCE452_Project3/install/project3_launch/share/ament_index
creating /home/madmac/CSCE452_Project3/install/project3_launch/share/ament_index/resource_index
creating /home/madmac/CSCE452_Project3/install/project3_launch/share/ament_index/resource_index/packages
symbolically linking /home/madmac/CSCE452_Project3/build/project3_launch/resource/project3_launch -> /home/madmac/CSCE452_Project3/install/project3_launch/share/ament_index/resource_index/packages
symbolically linking /home/madmac/CSCE452_Project3/build/project3_launch/package.xml -> /home/madmac/CSCE452_Project3/install/project3_launch/share/project3_launch
creating /home/madmac/CSCE452_Project3/install/project3_launch/share/project3_launch/launch
symbolically linking /home/madmac/CSCE452_Project3/build/project3_launch/launch/project3.launch.py -> /home/madmac/CSCE452_Project3/install/project3_launch/share/project3_launch/launch
