[0.805s] Invoking command in '/home/madmac/CSCE452_Project3/src/project3_launch': DEBUGINFOD_URLS=https://debuginfod.ubuntu.com PYTHONPATH=/home/madmac/CSCE452_Project3/build/project3_launch/prefix_override:/usr/lib/python3/dist-packages/colcon_core/task/python/colcon_distutils_commands:/home/madmac/CSCE452_Project3/install/project3_launch/lib/python3.12/site-packages:${PYTHONPATH} /usr/bin/python3 -W ignore:setup.py install is deprecated -W ignore:easy_install command is deprecated setup.py egg_info --egg-base ../../build/project3_launch build --build-base /home/madmac/CSCE452_Project3/build/project3_launch/build install --record /home/madmac/CSCE452_Project3/build/project3_launch/install.log --single-version-externally-managed install_data
[0.959s] running egg_info
[0.960s] creating ../../build/project3_launch/project3_launch.egg-info
[0.968s] writing ../../build/project3_launch/project3_launch.egg-info/PKG-INFO
[0.969s] writing dependency_links to ../../build/project3_launch/project3_launch.egg-info/dependency_links.txt
[0.969s] writing requirements to ../../build/project3_launch/project3_launch.egg-info/requires.txt
[0.970s] writing top-level names to ../../build/project3_launch/project3_launch.egg-info/top_level.txt
[0.970s] writing manifest file '../../build/project3_launch/project3_launch.egg-info/SOURCES.txt'
[0.979s] reading manifest file '../../build/project3_launch/project3_launch.egg-info/SOURCES.txt'
[0.982s] writing manifest file '../../build/project3_launch/project3_launch.egg-info/SOURCES.txt'
[0.982s] running build
[0.982s] running install
[0.985s] running install_data
[0.986s] creating /home/madmac/CSCE452_Project3/install/project3_launch/share/ament_index
[0.986s] creating /home/madmac/CSCE452_Project3/install/project3_launch/share/ament_index/resource_index
[0.986s] creating /home/madmac/CSCE452_Project3/install/project3_launch/share/ament_index/resource_index/packages
[0.987s] copying resource/project3_launch -> /home/madmac/CSCE452_Project3/install/project3_launch/share/ament_index/resource_index/packages
[0.987s] copying package.xml -> /home/madmac/CSCE452_Project3/install/project3_launch/share/project3_launch
[0.987s] creating /home/madmac/CSCE452_Project3/install/project3_launch/share/project3_launch/launch
[0.988s] copying launch/project3.launch.py -> /home/madmac/CSCE452_Project3/install/project3_launch/share/project3_launch/launch
[0.988s] running install_egg_info
[1.007s] Copying ../../build/project3_launch/project3_launch.egg-info to /home/madmac/CSCE452_Project3/install/project3_launch/lib/python3.12/site-packages/project3_launch-0.0.0-py3.12.egg-info
[1.008s] running install_scripts
[1.087s] writing list of installed files to '/home/madmac/CSCE452_Project3/build/project3_launch/install.log'
[1.112s] Invoked command in '/home/madmac/CSCE452_Project3/src/project3_launch' returned '0': DEBUGINFOD_URLS=https://debuginfod.ubuntu.com PYTHONPATH=/home/madmac/CSCE452_Project3/build/project3_launch/prefix_override:/usr/lib/python3/dist-packages/colcon_core/task/python/colcon_distutils_commands:/home/madmac/CSCE452_Project3/install/project3_launch/lib/python3.12/site-packages:${PYTHONPATH} /usr/bin/python3 -W ignore:setup.py install is deprecated -W ignore:easy_install command is deprecated setup.py egg_info --egg-base ../../build/project3_launch build --build-base /home/madmac/CSCE452_Project3/build/project3_launch/build install --record /home/madmac/CSCE452_Project3/build/project3_launch/install.log --single-version-externally-managed install_data
