[0.611s] Invoking command in '/home/madmac/CSCE452_Project3/src/project3_launch': DEBUGINFOD_URLS=https://debuginfod.ubuntu.com PYTHONPATH=/home/madmac/CSCE452_Project3/build/project3_launch/prefix_override:/usr/lib/python3/dist-packages/colcon_core/task/python/colcon_distutils_commands:/home/madmac/CSCE452_Project3/install/project3_launch/lib/python3.12/site-packages:${PYTHONPATH} /usr/bin/python3 -W ignore:setup.py install is deprecated -W ignore:easy_install command is deprecated setup.py egg_info --egg-base ../../build/project3_launch build --build-base /home/madmac/CSCE452_Project3/build/project3_launch/build install --record /home/madmac/CSCE452_Project3/build/project3_launch/install.log --single-version-externally-managed install_data
[0.729s] running egg_info
[0.738s] writing ../../build/project3_launch/project3_launch.egg-info/PKG-INFO
[0.738s] writing dependency_links to ../../build/project3_launch/project3_launch.egg-info/dependency_links.txt
[0.738s] writing requirements to ../../build/project3_launch/project3_launch.egg-info/requires.txt
[0.738s] writing top-level names to ../../build/project3_launch/project3_launch.egg-info/top_level.txt
[0.755s] reading manifest file '../../build/project3_launch/project3_launch.egg-info/SOURCES.txt'
[0.755s] writing manifest file '../../build/project3_launch/project3_launch.egg-info/SOURCES.txt'
[0.755s] running build
[0.755s] running build_py
[0.756s] running install
[0.759s] running install_lib
[0.768s] running install_data
[0.768s] copying launch/project3.launch.py -> /home/madmac/CSCE452_Project3/install/project3_launch/share/project3_launch/launch
[0.768s] running install_egg_info
[0.776s] removing '/home/madmac/CSCE452_Project3/install/project3_launch/lib/python3.12/site-packages/project3_launch-0.0.0-py3.12.egg-info' (and everything under it)
[0.777s] Copying ../../build/project3_launch/project3_launch.egg-info to /home/madmac/CSCE452_Project3/install/project3_launch/lib/python3.12/site-packages/project3_launch-0.0.0-py3.12.egg-info
[0.777s] running install_scripts
[0.835s] writing list of installed files to '/home/madmac/CSCE452_Project3/build/project3_launch/install.log'
[0.871s] Invoked command in '/home/madmac/CSCE452_Project3/src/project3_launch' returned '0': DEBUGINFOD_URLS=https://debuginfod.ubuntu.com PYTHONPATH=/home/madmac/CSCE452_Project3/build/project3_launch/prefix_override:/usr/lib/python3/dist-packages/colcon_core/task/python/colcon_distutils_commands:/home/madmac/CSCE452_Project3/install/project3_launch/lib/python3.12/site-packages:${PYTHONPATH} /usr/bin/python3 -W ignore:setup.py install is deprecated -W ignore:easy_install command is deprecated setup.py egg_info --egg-base ../../build/project3_launch build --build-base /home/madmac/CSCE452_Project3/build/project3_launch/build install --record /home/madmac/CSCE452_Project3/build/project3_launch/install.log --single-version-externally-managed install_data
